2026-08-05 16:39:20.585 [INFO] Skipping recent log: Windows PowerShell (LastWriteTime=8/5/2026 4:39:14 PM)
2026-08-05 16:39:20.595 [INFO] Skipping empty log: Windows Azure
2026-08-05 16:39:20.595 [INFO] Skipping recent log: System (LastWriteTime=8/5/2026 4:39:12 PM)
2026-08-05 16:39:20.595 [INFO] Skipping recent log: Security (LastWriteTime=8/5/2026 4:39:01 PM)
2026-08-05 16:39:20.607 [INFO] Skipping empty log: Key Management Service
2026-08-05 16:39:20.607 [INFO] Skipping empty log: Internet Explorer
2026-08-05 16:39:20.626 [INFO] Skipping empty log: HardwareEvents
2026-08-05 16:39:20.638 [INFO] Skipping recent log: Application (LastWriteTime=8/5/2026 4:30:45 PM)
2026-08-05 16:39:20.638 [WARN] Skipping disabled log: Windows Networking Vpn Plugin Platform/OperationalVerbose
2026-08-05 16:39:20.638 [WARN] Skipping disabled log: Windows Networking Vpn Plugin Platform/Operational
2026-08-05 16:39:20.638 [INFO] Skipping empty log: SMSApi
2026-08-05 16:39:20.638 [INFO] Skipping empty log: Setup
2026-08-05 16:39:20.638 [INFO] Skipping empty log: OpenSSH/Operational
2026-08-05 16:39:20.638 [INFO] Skipping empty log: OpenSSH/Admin
2026-08-05 16:39:20.638 [WARN] Skipping disabled log: Network Isolation Operational
2026-08-05 16:39:20.654 [INFO] Skipping recent log: Microsoft-WindowsAzure-Status/Plugins (LastWriteTime=8/5/2026 4:21:34 PM)
2026-08-05 16:39:20.654 [INFO] Skipping recent log: Microsoft-WindowsAzure-Status/GuestAgent (LastWriteTime=8/5/2026 4:35:45 PM)
2026-08-05 16:39:20.658 [INFO] Skipping empty log: Microsoft-WindowsAzure-Diagnostics/Runtime
2026-08-05 16:39:20.658 [INFO] Skipping recent log: Microsoft-WindowsAzure-Diagnostics/Heartbeat (LastWriteTime=8/5/2026 4:39:12 PM)
2026-08-05 16:39:20.658 [INFO] Skipping recent log: Microsoft-WindowsAzure-Diagnostics/GuestAgent (LastWriteTime=8/5/2026 4:39:14 PM)
2026-08-05 16:39:20.658 [INFO] Skipping empty log: Microsoft-WindowsAzure-Diagnostics/Bootstrapper
2026-08-05 16:39:20.670 [INFO] Skipping empty log: Microsoft-Windows-WPD-MTPClassDriver/Operational
2026-08-05 16:39:20.670 [INFO] Skipping empty log: Microsoft-Windows-WPD-CompositeClassDriver/Operational
2026-08-05 16:39:20.686 [INFO] Skipping empty log: Microsoft-Windows-WPD-ClassInstaller/Operational
2026-08-05 16:39:20.689 [INFO] Skipping empty log: Microsoft-Windows-Workplace Join/Admin
2026-08-05 16:39:20.689 [WARN] Skipping disabled log: Microsoft-Windows-Wordpad/Admin
2026-08-05 16:39:20.689 [INFO] Skipping empty log: Microsoft-Windows-WMPNSS-Service/Operational
2026-08-05 16:39:20.702 [INFO] Skipping recent log: Microsoft-Windows-WMI-Activity/Operational (LastWriteTime=8/5/2026 4:39:01 PM)
2026-08-05 16:39:20.702 [INFO] Skipping empty log: Microsoft-Windows-Wired-AutoConfig/Operational
2026-08-05 16:39:20.702 [INFO] Skipping empty log: Microsoft-Windows-Winsock-WS2HELP/Operational
2026-08-05 16:39:20.720 [WARN] Skipping disabled log: Microsoft-Windows-Winsock-NameResolution/Operational
2026-08-05 16:39:20.720 [WARN] Skipping disabled log: Microsoft-Windows-Winsock-AFD/Operational
2026-08-05 16:39:20.751 [INFO] Skipping recent log: Microsoft-Windows-WinRM/Operational (LastWriteTime=8/5/2026 4:21:34 PM)
2026-08-05 16:39:20.765 [WARN] Skipping disabled log: Microsoft-Windows-WinNat/Oper
2026-08-05 16:39:20.765 [INFO] Skipping recent log: Microsoft-Windows-Winlogon/Operational (LastWriteTime=8/5/2026 4:35:45 PM)
2026-08-05 16:39:20.765 [INFO] Skipping empty log: Microsoft-Windows-WinINet/Operational
2026-08-05 16:39:20.765 [INFO] Skipping recent log: Microsoft-Windows-WinINet-Config/ProxyConfigChanged (LastWriteTime=8/3/2026 4:24:25 AM)
2026-08-05 16:39:20.782 [WARN] Skipping disabled log: Microsoft-Windows-WinINet-Capture/Analytic
2026-08-05 16:39:20.782 [INFO] Skipping empty log: Microsoft-Windows-WinHttp/Operational
2026-08-05 16:39:20.782 [WARN] Skipping disabled log: Microsoft-Windows-WinHTTP-NDF/Diagnostic
2026-08-05 16:39:20.782 [INFO] Skipping recent log: Microsoft-Windows-WindowsUpdateClient/Operational (LastWriteTime=8/5/2026 4:30:45 PM)
2026-08-05 16:39:20.782 [WARN] Skipping disabled log: Microsoft-Windows-WindowsUIImmersive/Operational
2026-08-05 16:39:20.782 [INFO] Skipping empty log: Microsoft-Windows-WindowsSystemAssessmentTool/Operational
2026-08-05 16:39:20.782 [WARN] Skipping disabled log: Microsoft-Windows-WindowsColorSystem/Operational
2026-08-05 16:39:20.797 [WARN] Skipping disabled log: Microsoft-Windows-Windows Firewall With Advanced Security/FirewallVerbose
2026-08-05 16:39:20.797 [INFO] Skipping empty log: Microsoft-Windows-Windows Firewall With Advanced Security/FirewallDiagnostics
2026-08-05 16:39:20.797 [INFO] Skipping recent log: Microsoft-Windows-Windows Firewall With Advanced Security/Firewall (LastWriteTime=8/5/2026 4:30:45 PM)
2026-08-05 16:39:20.797 [WARN] Skipping disabled log: Microsoft-Windows-Windows Firewall With Advanced Security/ConnectionSecurityVerbose
2026-08-05 16:39:20.797 [INFO] Skipping empty log: Microsoft-Windows-Windows Firewall With Advanced Security/ConnectionSecurity
2026-08-05 16:39:20.814 [INFO] Skipping empty log: Microsoft-Windows-Windows Defender/WHC
2026-08-05 16:39:20.814 [INFO] Skipping recent log: Microsoft-Windows-Windows Defender/Operational (LastWriteTime=8/5/2026 4:33:15 PM)
2026-08-05 16:39:20.814 [INFO] Skipping empty log: Microsoft-Windows-Win32k/Operational
2026-08-05 16:39:20.814 [INFO] Skipping recent log: Microsoft-Windows-WFP/Operational (LastWriteTime=8/3/2026 7:44:27 AM)
2026-08-05 16:39:20.814 [INFO] Skipping recent log: Microsoft-Windows-WER-PayloadHealth/Operational (LastWriteTime=8/3/2026 7:44:27 AM)
2026-08-05 16:39:20.814 [WARN] Skipping disabled log: Microsoft-Windows-WEPHOSTSVC/Operational
2026-08-05 16:39:20.814 [WARN] Skipping disabled log: Microsoft-Windows-WebIO-NDF/Diagnostic
2026-08-05 16:39:20.828 [INFO] Skipping recent log: Microsoft-Windows-WebAuthN/Operational (LastWriteTime=8/5/2026 4:21:34 PM)
2026-08-05 16:39:20.828 [WARN] Skipping disabled log: Microsoft-Windows-WebAuth/Operational
2026-08-05 16:39:20.828 [INFO] Skipping recent log: Microsoft-Windows-Wcmsvc/Operational (LastWriteTime=8/5/2026 4:30:45 PM)
2026-08-05 16:39:20.828 [INFO] Skipping empty log: Microsoft-Windows-VPN/Operational
2026-08-05 16:39:20.828 [INFO] Skipping empty log: Microsoft-Windows-VPN-Client/Operational
2026-08-05 16:39:20.828 [INFO] Skipping recent log: Microsoft-Windows-VolumeSnapshot-Driver/Operational (LastWriteTime=8/5/2026 4:21:34 PM)
2026-08-05 16:39:20.828 [INFO] Skipping empty log: Microsoft-Windows-VHDMP-Operational
2026-08-05 16:39:20.845 [WARN] Skipping disabled log: Microsoft-Windows-VerifyHardwareSecurity/Operational
2026-08-05 16:39:20.845 [INFO] Skipping empty log: Microsoft-Windows-VerifyHardwareSecurity/Admin
2026-08-05 16:39:20.845 [INFO] Skipping empty log: Microsoft-Windows-VDRVROOT/Operational
2026-08-05 16:39:20.845 [INFO] Skipping recent log: Microsoft-Windows-UserPnp/DeviceInstall (LastWriteTime=8/3/2026 4:24:25 AM)
2026-08-05 16:39:20.845 [INFO] Skipping empty log: Microsoft-Windows-UserPnp/ActionCenter
2026-08-05 16:39:20.860 [INFO] Skipping empty log: Microsoft-Windows-User-Loader/Operational
2026-08-05 16:39:20.860 [INFO] Skipping recent log: Microsoft-Windows-User Profile Service/Operational (LastWriteTime=8/5/2026 4:30:45 PM)
2026-08-05 16:39:20.860 [INFO] Skipping recent log: Microsoft-Windows-User Device Registration/Admin (LastWriteTime=8/5/2026 4:35:45 PM)
2026-08-05 16:39:20.860 [INFO] Skipping empty log: Microsoft-Windows-User Control Panel/Operational
2026-08-05 16:39:20.860 [INFO] Skipping recent log: Microsoft-Windows-UniversalTelemetryClient/Operational (LastWriteTime=8/5/2026 4:35:45 PM)
2026-08-05 16:39:20.860 [INFO] Skipping empty log: Microsoft-Windows-UAC/Operational
2026-08-05 16:39:20.860 [INFO] Skipping empty log: Microsoft-Windows-UAC-FileVirtualization/Operational
2026-08-05 16:39:20.860 [INFO] Skipping empty log: Microsoft-Windows-TZUtil/Operational
2026-08-05 16:39:20.876 [INFO] Skipping recent log: Microsoft-Windows-TZSync/Operational (LastWriteTime=8/3/2026 4:24:25 AM)
2026-08-05 16:39:20.876 [INFO] Skipping recent log: Microsoft-Windows-TWinUI/Operational (LastWriteTime=8/3/2026 7:12:10 PM)
2026-08-05 16:39:20.876 [INFO] Skipping recent log: Microsoft-Windows-Time-Service/Operational (LastWriteTime=8/5/2026 4:35:32 PM)
2026-08-05 16:39:20.876 [INFO] Skipping empty log: Microsoft-Windows-Time-Service-PTP-Provider/PTP-Operational
2026-08-05 16:39:20.876 [INFO] Skipping empty log: Microsoft-Windows-TerminalServices-SessionBroker-Client/Operational
2026-08-05 16:39:20.892 [INFO] Skipping empty log: Microsoft-Windows-TerminalServices-SessionBroker-Client/Admin
2026-08-05 16:39:20.892 [INFO] Skipping empty log: Microsoft-Windows-TerminalServices-ServerUSBDevices/Operational
2026-08-05 16:39:20.892 [INFO] Skipping empty log: Microsoft-Windows-TerminalServices-ServerUSBDevices/Admin
2026-08-05 16:39:20.892 [INFO] Skipping recent log: Microsoft-Windows-TerminalServices-RemoteConnectionManager/Operational (LastWriteTime=8/5/2026 4:30:45 PM)
2026-08-05 16:39:20.892 [INFO] Skipping recent log: Microsoft-Windows-TerminalServices-RemoteConnectionManager/Admin (LastWriteTime=8/5/2026 4:30:45 PM)
2026-08-05 16:39:20.892 [INFO] Skipping empty log: Microsoft-Windows-TerminalServices-RDPClient/Operational
2026-08-05 16:39:20.892 [INFO] Skipping empty log: Microsoft-Windows-TerminalServices-Printers/Operational
2026-08-05 16:39:20.907 [INFO] Skipping empty log: Microsoft-Windows-TerminalServices-Printers/Admin
2026-08-05 16:39:20.907 [INFO] Skipping empty log: Microsoft-Windows-TerminalServices-PnPDevices/Operational
2026-08-05 16:39:20.907 [INFO] Skipping empty log: Microsoft-Windows-TerminalServices-PnPDevices/Admin
2026-08-05 16:39:20.907 [INFO] Skipping recent log: Microsoft-Windows-TerminalServices-LocalSessionManager/Operational (LastWriteTime=8/5/2026 4:35:45 PM)
2026-08-05 16:39:20.907 [INFO] Skipping empty log: Microsoft-Windows-TerminalServices-LocalSessionManager/Admin
2026-08-05 16:39:20.907 [INFO] Skipping empty log: Microsoft-Windows-TerminalServices-ClientUSBDevices/Operational
2026-08-05 16:39:20.907 [INFO] Skipping empty log: Microsoft-Windows-TerminalServices-ClientUSBDevices/Admin
2026-08-05 16:39:20.926 [INFO] Skipping empty log: Microsoft-Windows-TCPIP/Operational
2026-08-05 16:39:20.928 [WARN] Skipping disabled log: Microsoft-Windows-TaskScheduler/Operational
2026-08-05 16:39:20.930 [INFO] Skipping recent log: Microsoft-Windows-TaskScheduler/Maintenance (LastWriteTime=8/5/2026 7:44:25 AM)
2026-08-05 16:39:20.933 [INFO] Skipping empty log: Microsoft-Windows-SystemSettingsThreshold/Operational
2026-08-05 16:39:20.935 [INFO] Skipping recent log: Microsoft-Windows-SystemDataArchiver/Diagnostic (LastWriteTime=8/5/2026 4:39:04 PM)
2026-08-05 16:39:20.937 [INFO] Skipping recent log: Microsoft-Windows-Storsvc/Diagnostic (LastWriteTime=8/5/2026 7:44:25 AM)
2026-08-05 16:39:20.941 [INFO] Skipping recent log: Microsoft-Windows-Store/Operational (LastWriteTime=8/5/2026 4:35:45 PM)
2026-08-05 16:39:20.946 [INFO] Skipping empty log: Microsoft-Windows-StorageSpaces-SpaceManager/Operational
2026-08-05 16:39:20.949 [INFO] Skipping empty log: Microsoft-Windows-StorageSpaces-SpaceManager/Diagnostic
2026-08-05 16:39:20.952 [INFO] Skipping empty log: Microsoft-Windows-StorageSpaces-Parser/Operational
2026-08-05 16:39:20.954 [INFO] Skipping empty log: Microsoft-Windows-StorageSpaces-Parser/Diagnostic
2026-08-05 16:39:20.956 [INFO] Skipping empty log: Microsoft-Windows-StorageSpaces-ManagementAgent/WHC
2026-08-05 16:39:20.958 [INFO] Skipping recent log: Microsoft-Windows-StorageSpaces-Driver/Operational (LastWriteTime=8/5/2026 4:21:34 PM)
2026-08-05 16:39:20.959 [INFO] Skipping empty log: Microsoft-Windows-StorageSpaces-Driver/Diagnostic
2026-08-05 16:39:20.962 [INFO] Skipping empty log: Microsoft-Windows-StorageSpaces-Api/Operational
2026-08-05 16:39:20.964 [INFO] Skipping empty log: Microsoft-Windows-StorageSettings/Diagnostic
2026-08-05 16:39:20.965 [INFO] Skipping recent log: Microsoft-Windows-StorageManagement/Operational (LastWriteTime=8/3/2026 4:24:25 AM)
2026-08-05 16:39:20.967 [INFO] Skipping empty log: Microsoft-Windows-StorageManagement-PartUtil/Operational
2026-08-05 16:39:20.969 [INFO] Skipping empty log: Microsoft-Windows-Storage-Tiering/Admin
2026-08-05 16:39:20.974 [INFO] Skipping recent log: Microsoft-Windows-Storage-Storport/Operational (LastWriteTime=8/5/2026 4:30:45 PM)
2026-08-05 16:39:20.977 [INFO] Skipping empty log: Microsoft-Windows-Storage-Storport/Health
2026-08-05 16:39:20.981 [WARN] Skipping disabled log: Microsoft-Windows-Storage-Storport/Admin
2026-08-05 16:39:20.983 [WARN] Skipping disabled log: Microsoft-Windows-Storage-Disk/Operational
2026-08-05 16:39:20.985 [WARN] Skipping disabled log: Microsoft-Windows-Storage-Disk/Admin
2026-08-05 16:39:20.987 [INFO] Skipping empty log: Microsoft-Windows-Storage-ClassPnP/Operational
2026-08-05 16:39:20.988 [WARN] Skipping disabled log: Microsoft-Windows-Storage-ClassPnP/Admin
2026-08-05 16:39:20.991 [WARN] Skipping disabled log: Microsoft-Windows-Storage-ATAPort/Operational
2026-08-05 16:39:20.993 [WARN] Skipping disabled log: Microsoft-Windows-Storage-ATAPort/Admin
2026-08-05 16:39:20.995 [INFO] Skipping empty log: Microsoft-Windows-StateRepository/Restricted
2026-08-05 16:39:20.996 [INFO] Skipping recent log: Microsoft-Windows-StateRepository/Operational (LastWriteTime=8/5/2026 4:35:45 PM)
2026-08-05 16:39:20.998 [INFO] Skipping empty log: Microsoft-Windows-SMBWitnessClient/Informational
2026-08-05 16:39:21.000 [INFO] Skipping empty log: Microsoft-Windows-SMBWitnessClient/Admin
2026-08-05 16:39:21.003 [INFO] Skipping recent log: Microsoft-Windows-SMBServer/Operational (LastWriteTime=8/5/2026 4:21:34 PM)
2026-08-05 16:39:21.003 [INFO] Skipping empty log: Microsoft-Windows-SMBServer/Connectivity
2026-08-05 16:39:21.003 [INFO] Skipping empty log: Microsoft-Windows-SMBServer/Audit
2026-08-05 16:39:21.003 [INFO] Skipping empty log: Microsoft-Windows-SMBDirect/Admin
2026-08-05 16:39:21.003 [INFO] Skipping empty log: Microsoft-Windows-SmbClient/Security
2026-08-05 16:39:21.003 [INFO] Skipping empty log: Microsoft-Windows-SMBClient/Operational
2026-08-05 16:39:21.027 [INFO] Skipping recent log: Microsoft-Windows-SmbClient/Connectivity (LastWriteTime=8/5/2026 4:21:34 PM)
2026-08-05 16:39:21.030 [INFO] Skipping empty log: Microsoft-Windows-SmbClient/Audit
2026-08-05 16:39:21.032 [WARN] Skipping disabled log: Microsoft-Windows-SmartScreen/Debug
2026-08-05 16:39:21.034 [INFO] Skipping empty log: Microsoft-Windows-SmartCard-TPM-VCard-Module/Operational
2026-08-05 16:39:21.036 [INFO] Skipping empty log: Microsoft-Windows-SmartCard-TPM-VCard-Module/Admin
2026-08-05 16:39:21.039 [INFO] Skipping empty log: Microsoft-Windows-SmartCard-DeviceEnum/Operational
2026-08-05 16:39:21.041 [INFO] Skipping empty log: Microsoft-Windows-SmartCard-Audit/Authentication
2026-08-05 16:39:21.042 [INFO] Skipping empty log: Microsoft-Windows-SilProvider/Operational
2026-08-05 16:39:21.044 [INFO] Skipping recent log: Microsoft-Windows-ShellCommon-StartLayoutPopulation/Operational (LastWriteTime=8/5/2026 4:35:45 PM)
2026-08-05 16:39:21.046 [INFO] Skipping recent log: Microsoft-Windows-Shell-Core/Operational (LastWriteTime=8/5/2026 4:35:45 PM)
2026-08-05 16:39:21.048 [INFO] Skipping empty log: Microsoft-Windows-Shell-Core/LogonTasksChannel
2026-08-05 16:39:21.050 [INFO] Skipping recent log: Microsoft-Windows-Shell-Core/AppDefaults (LastWriteTime=8/5/2026 4:39:14 PM)
2026-08-05 16:39:21.052 [INFO] Skipping empty log: Microsoft-Windows-Shell-Core/ActionCenter
2026-08-05 16:39:21.054 [INFO] Skipping empty log: Microsoft-Windows-Shell-ConnectedAccountState/ActionCenter
2026-08-05 16:39:21.056 [WARN] Skipping disabled log: Microsoft-Windows-ServiceReportingApi/Debug
2026-08-05 16:39:21.059 [INFO] Skipping recent log: Microsoft-Windows-ServerManager-MultiMachine/Operational (LastWriteTime=8/3/2026 7:44:27 AM)
2026-08-05 16:39:21.062 [INFO] Skipping empty log: Microsoft-Windows-ServerManager-MultiMachine/Admin
2026-08-05 16:39:21.065 [INFO] Skipping recent log: Microsoft-Windows-ServerManager-MgmtProvider/Operational (LastWriteTime=8/5/2026 7:44:25 AM)
2026-08-05 16:39:21.068 [INFO] Skipping recent log: Microsoft-Windows-ServerManager-DeploymentProvider/Operational (LastWriteTime=8/5/2026 7:44:25 AM)
2026-08-05 16:39:21.070 [INFO] Skipping empty log: Microsoft-Windows-ServerManager-ConfigureSMRemoting/Operational
2026-08-05 16:39:21.072 [INFO] Skipping empty log: Microsoft-Windows-SenseIR/Operational
2026-08-05 16:39:21.074 [INFO] Skipping empty log: Microsoft-Windows-SENSE/Operational
2026-08-05 16:39:21.075 [INFO] Skipping empty log: Microsoft-Windows-SecurityMitigationsBroker/Operational
2026-08-05 16:39:21.078 [WARN] Skipping disabled log: Microsoft-Windows-SecurityMitigationsBroker/Admin
2026-08-05 16:39:21.080 [INFO] Skipping empty log: Microsoft-Windows-Security-UserConsentVerifier/Audit
2026-08-05 16:39:21.082 [INFO] Skipping recent log: Microsoft-Windows-Security-SPP-UX-Notifications/ActionCenter (LastWriteTime=8/3/2026 4:24:25 AM)
2026-08-05 16:39:21.083 [INFO] Skipping empty log: Microsoft-Windows-Security-SPP-UX-GenuineCenter-Logging/Operational
2026-08-05 16:39:21.085 [INFO] Skipping empty log: Microsoft-Windows-Security-Netlogon/Operational
2026-08-05 16:39:21.088 [INFO] Skipping empty log: Microsoft-Windows-Security-Mitigations/UserMode
2026-08-05 16:39:21.090 [INFO] Skipping recent log: Microsoft-Windows-Security-Mitigations/KernelMode (LastWriteTime=8/5/2026 4:35:21 PM)
2026-08-05 16:39:21.092 [INFO] Skipping empty log: Microsoft-Windows-Security-LessPrivilegedAppContainer/Operational
2026-08-05 16:39:21.093 [WARN] Skipping disabled log: Microsoft-Windows-Security-ExchangeActiveSyncProvisioning/Operational
2026-08-05 16:39:21.096 [INFO] Skipping empty log: Microsoft-Windows-Security-EnterpriseData-FileRevocationManager/Operational
2026-08-05 16:39:21.096 [INFO] Skipping empty log: Microsoft-Windows-Security-Audit-Configuration-Client/Operational
2026-08-05 16:39:21.096 [INFO] Skipping empty log: Microsoft-Windows-Security-Adminless/Operational
2026-08-05 16:39:21.096 [INFO] Skipping empty log: Microsoft-Windows-SearchUI/Operational
2026-08-05 16:39:21.096 [WARN] Skipping disabled log: Microsoft-Windows-RRAS/Operational
2026-08-05 16:39:21.096 [INFO] Skipping empty log: Microsoft-Windows-RestartManager/Operational
2026-08-05 16:39:21.111 [INFO] Skipping recent log: Microsoft-Windows-Resource-Exhaustion-Resolver/Operational (LastWriteTime=8/3/2026 7:44:27 AM)
2026-08-05 16:39:21.111 [INFO] Skipping recent log: Microsoft-Windows-Resource-Exhaustion-Detector/Operational (LastWriteTime=8/5/2026 4:32:04 PM)
2026-08-05 16:39:21.111 [WARN] Skipping disabled log: Microsoft-Windows-Remotefs-Rdbss/Operational
2026-08-05 16:39:21.111 [INFO] Skipping empty log: Microsoft-Windows-RemoteDesktopServices-SessionServices/Operational
2026-08-05 16:39:21.111 [INFO] Skipping recent log: Microsoft-Windows-RemoteDesktopServices-RdpCoreTS/Operational (LastWriteTime=8/5/2026 4:35:45 PM)
2026-08-05 16:39:21.111 [INFO] Skipping empty log: Microsoft-Windows-RemoteDesktopServices-RdpCoreTS/Admin
2026-08-05 16:39:21.111 [INFO] Skipping empty log: Microsoft-Windows-RemoteApp and Desktop Connections/Operational
2026-08-05 16:39:21.127 [INFO] Skipping empty log: Microsoft-Windows-RemoteApp and Desktop Connections/Admin
2026-08-05 16:39:21.127 [INFO] Skipping empty log: Microsoft-Windows-Regsvr32/Operational
2026-08-05 16:39:21.127 [INFO] Skipping empty log: Microsoft-Windows-ReFS/Operational
2026-08-05 16:39:21.127 [INFO] Skipping empty log: Microsoft-Windows-ReadyBoost/Operational
2026-08-05 16:39:21.127 [WARN] Skipping disabled log: Microsoft-Windows-RasAgileVpn/Operational
2026-08-05 16:39:21.143 [INFO] Skipping recent log: Microsoft-Windows-PushNotification-Platform/Operational (LastWriteTime=8/5/2026 4:35:45 PM)
2026-08-05 16:39:21.143 [INFO] Skipping empty log: Microsoft-Windows-PushNotification-Platform/Admin
2026-08-05 16:39:21.143 [WARN] Skipping disabled log: Microsoft-Windows-Proximity-Common/Diagnostic
2026-08-05 16:39:21.143 [INFO] Skipping empty log: Microsoft-Windows-Program-Compatibility-Assistant/CompatAfterUpgrade
2026-08-05 16:39:21.143 [WARN] Skipping disabled log: Microsoft-Windows-Program-Compatibility-Assistant/Analytic
2026-08-05 16:39:21.143 [INFO] Skipping recent log: Microsoft-Windows-Privacy-Auditing/Operational (LastWriteTime=8/3/2026 4:24:25 AM)
2026-08-05 16:39:21.143 [WARN] Skipping disabled log: Microsoft-Windows-PrintService/Operational
2026-08-05 16:39:21.159 [INFO] Skipping recent log: Microsoft-Windows-PrintService/Admin (LastWriteTime=8/3/2026 4:24:25 AM)
2026-08-05 16:39:21.159 [INFO] Skipping empty log: Microsoft-Windows-PrintBRM/Admin
2026-08-05 16:39:21.159 [INFO] Skipping recent log: Microsoft-Windows-PowerShell/Operational (LastWriteTime=8/5/2026 4:39:15 PM)
2026-08-05 16:39:21.159 [INFO] Skipping empty log: Microsoft-Windows-PowerShell/Admin
2026-08-05 16:39:21.159 [INFO] Skipping empty log: Microsoft-Windows-PowerShell-DesiredStateConfiguration-FileDownloadManager/Operational
2026-08-05 16:39:21.174 [INFO] Skipping empty log: Microsoft-Windows-Policy/Operational
2026-08-05 16:39:21.183 [INFO] Skipping empty log: Microsoft-Windows-PersistentMemory-ScmBus/Operational
2026-08-05 16:39:21.195 [INFO] Skipping empty log: Microsoft-Windows-PersistentMemory-ScmBus/Certification
2026-08-05 16:39:21.207 [INFO] Skipping empty log: Microsoft-Windows-PersistentMemory-PmemDisk/Operational
2026-08-05 16:39:21.209 [INFO] Skipping empty log: Microsoft-Windows-PersistentMemory-Nvdimm/Operational
2026-08-05 16:39:21.212 [INFO] Skipping empty log: Microsoft-Windows-PerceptionSensorDataService/Operational
2026-08-05 16:39:21.214 [INFO] Skipping empty log: Microsoft-Windows-PerceptionRuntime/Operational
2026-08-05 16:39:21.217 [INFO] Skipping empty log: Microsoft-Windows-PCRPF/PCRPF
2026-08-05 16:39:21.219 [INFO] Skipping recent log: Microsoft-Windows-Partition/Diagnostic (LastWriteTime=8/5/2026 4:21:34 PM)
2026-08-05 16:39:21.224 [WARN] Skipping disabled log: Microsoft-Windows-OtpCredentialProvider/Operational
2026-08-05 16:39:21.229 [INFO] Skipping empty log: Microsoft-Windows-OOBE-Machine-DUI/Operational
2026-08-05 16:39:21.233 [WARN] Skipping disabled log: Microsoft-Windows-OneX/Operational
2026-08-05 16:39:21.237 [INFO] Skipping empty log: Microsoft-Windows-OfflineFiles/Operational
2026-08-05 16:39:21.239 [INFO] Skipping empty log: Microsoft-Windows-NTLM/Operational
2026-08-05 16:39:21.242 [INFO] Skipping recent log: Microsoft-Windows-Ntfs/WHC (LastWriteTime=8/5/2026 4:21:34 PM)
2026-08-05 16:39:21.244 [INFO] Skipping recent log: Microsoft-Windows-Ntfs/Operational (LastWriteTime=8/5/2026 4:35:45 PM)
2026-08-05 16:39:21.247 [INFO] Skipping empty log: Microsoft-Windows-NlaSvc/Operational
2026-08-05 16:39:21.249 [INFO] Skipping empty log: Microsoft-Windows-NetworkProvider/Operational
2026-08-05 16:39:21.251 [INFO] Skipping recent log: Microsoft-Windows-NetworkProfile/Operational (LastWriteTime=8/5/2026 4:21:34 PM)
2026-08-05 16:39:21.256 [INFO] Skipping empty log: Microsoft-Windows-NetworkLocationWizard/Operational
2026-08-05 16:39:21.258 [INFO] Skipping empty log: Microsoft-Windows-NdisImPlatform/Operational
2026-08-05 16:39:21.260 [WARN] Skipping disabled log: Microsoft-Windows-NDIS/Operational
2026-08-05 16:39:21.263 [INFO] Skipping recent log: Microsoft-Windows-NCSI/Operational (LastWriteTime=8/5/2026 4:21:34 PM)
2026-08-05 16:39:21.268 [WARN] Skipping disabled log: Microsoft-Windows-Ncasvc/Operational
2026-08-05 16:39:21.273 [INFO] Skipping empty log: Microsoft-Windows-MUI/Admin
2026-08-05 16:39:21.278 [WARN] Skipping disabled log: Microsoft-Windows-MSPaint/Admin
2026-08-05 16:39:21.280 [INFO] Skipping empty log: Microsoft-Windows-MsLbfoProvider/Operational
2026-08-05 16:39:21.282 [INFO] Skipping empty log: Microsoft-Windows-Mprddm/Operational
2026-08-05 16:39:21.287 [INFO] Skipping empty log: Microsoft-Windows-MiStreamProvider/Operational
2026-08-05 16:39:21.290 [INFO] Skipping empty log: Microsoft-Windows-MemoryDiagnostics-Results/Debug
2026-08-05 16:39:21.294 [WARN] Skipping disabled log: Microsoft-Windows-MediaFoundation-Performance/SARStreamResource
2026-08-05 16:39:21.296 [INFO] Skipping empty log: Microsoft-Windows-ManagementTools-TaskManagerProvider/Operational
2026-08-05 16:39:21.298 [INFO] Skipping empty log: Microsoft-Windows-ManagementTools-RegistryProvider/Operational
2026-08-05 16:39:21.300 [WARN] Skipping disabled log: Microsoft-Windows-LSA/Operational
2026-08-05 16:39:21.303 [INFO] Skipping recent log: Microsoft-Windows-LiveId/Operational (LastWriteTime=8/5/2026 4:35:45 PM)
2026-08-05 16:39:21.306 [WARN] Skipping disabled log: Microsoft-Windows-LinkLayerDiscoveryProtocol/Operational
2026-08-05 16:39:21.308 [INFO] Skipping empty log: Microsoft-Windows-LAPS/Operational
2026-08-05 16:39:21.311 [INFO] Skipping recent log: Microsoft-Windows-LanguagePackSetup/Operational (LastWriteTime=8/3/2026 4:24:25 AM)
2026-08-05 16:39:21.314 [INFO] Skipping recent log: Microsoft-Windows-Known Folders API Service (LastWriteTime=8/5/2026 7:44:25 AM)
2026-08-05 16:39:21.316 [INFO] Skipping recent log: Microsoft-Windows-Kernel-WHEA/Operational (LastWriteTime=8/5/2026 4:21:34 PM)
2026-08-05 16:39:21.316 [INFO] Skipping empty log: Microsoft-Windows-Kernel-WHEA/Errors
2026-08-05 16:39:21.316 [INFO] Skipping empty log: Microsoft-Windows-Kernel-WDI/Operational
2026-08-05 16:39:21.316 [INFO] Skipping empty log: Microsoft-Windows-Kernel-StoreMgr/Operational
2026-08-05 16:39:21.316 [INFO] Skipping recent log: Microsoft-Windows-Kernel-ShimEngine/Operational (LastWriteTime=8/3/2026 4:24:25 AM)
2026-08-05 16:39:21.316 [INFO] Skipping empty log: Microsoft-Windows-Kernel-Power/Thermal-Operational
2026-08-05 16:39:21.316 [INFO] Skipping empty log: Microsoft-Windows-Kernel-PnP/Driver Watchdog
2026-08-05 16:39:21.332 [INFO] Skipping recent log: Microsoft-Windows-Kernel-PnP/Device Management (LastWriteTime=8/5/2026 7:44:25 AM)
2026-08-05 16:39:21.332 [INFO] Skipping recent log: Microsoft-Windows-Kernel-PnP/Configuration (LastWriteTime=8/5/2026 7:44:25 AM)
2026-08-05 16:39:21.332 [INFO] Skipping empty log: Microsoft-Windows-Kernel-LiveDump/Operational
2026-08-05 16:39:21.332 [INFO] Skipping recent log: Microsoft-Windows-Kernel-IO/Operational (LastWriteTime=8/5/2026 4:35:45 PM)
2026-08-05 16:39:21.348 [INFO] Skipping empty log: Microsoft-Windows-Kernel-EventTracing/Admin
2026-08-05 16:39:21.348 [INFO] Skipping empty log: Microsoft-Windows-Kernel-Dump/Operational
2026-08-05 16:39:21.348 [INFO] Skipping empty log: Microsoft-Windows-Kernel-CPU-Starvation/Operational
2026-08-05 16:39:21.348 [INFO] Skipping recent log: Microsoft-Windows-Kernel-Cache/Operational (LastWriteTime=8/5/2026 4:35:45 PM)
2026-08-05 16:39:21.348 [INFO] Skipping recent log: Microsoft-Windows-Kernel-Boot/Operational (LastWriteTime=8/5/2026 4:21:34 PM)
2026-08-05 16:39:21.348 [INFO] Skipping empty log: Microsoft-Windows-Kernel-ApphelpCache/Operational
2026-08-05 16:39:21.348 [WARN] Skipping disabled log: Microsoft-Windows-Kerberos/Operational
2026-08-05 16:39:21.363 [WARN] Skipping disabled log: Microsoft-Windows-Kerberos-KdcProxy/Operational
2026-08-05 16:39:21.363 [INFO] Skipping empty log: Microsoft-Windows-KdsSvc/Operational
2026-08-05 16:39:21.363 [INFO] Skipping empty log: Microsoft-Windows-Iphlpsvc/Operational
2026-08-05 16:39:21.363 [INFO] Skipping empty log: Microsoft-Windows-International-RegionalOptionsControlPanel/Operational
2026-08-05 16:39:21.363 [INFO] Skipping recent log: Microsoft-Windows-IKE/Operational (LastWriteTime=8/3/2026 4:24:25 AM)
2026-08-05 16:39:21.379 [INFO] Skipping empty log: Microsoft-Windows-IdCtrls/Operational
2026-08-05 16:39:21.379 [INFO] Skipping empty log: Microsoft-Windows-Hyper-V-Hypervisor-Operational
2026-08-05 16:39:21.379 [INFO] Skipping empty log: Microsoft-Windows-Hyper-V-Hypervisor-Admin
2026-08-05 16:39:21.379 [WARN] Skipping disabled log: Microsoft-Windows-Hyper-V-Guest-Drivers/Operational
2026-08-05 16:39:21.379 [INFO] Skipping recent log: Microsoft-Windows-Hyper-V-Guest-Drivers/Admin (LastWriteTime=8/5/2026 4:21:34 PM)
2026-08-05 16:39:21.379 [WARN] Skipping disabled log: Microsoft-Windows-HttpService/Trace
2026-08-05 16:39:21.395 [WARN] Skipping disabled log: Microsoft-Windows-HttpService/Log
2026-08-05 16:39:21.395 [INFO] Skipping empty log: Microsoft-Windows-HomeGroup Control Panel/Operational
2026-08-05 16:39:21.395 [INFO] Skipping empty log: Microsoft-Windows-Help/Operational
2026-08-05 16:39:21.395 [INFO] Skipping recent log: Microsoft-Windows-HelloForBusiness/Operational (LastWriteTime=8/5/2026 4:35:45 PM)
2026-08-05 16:39:21.395 [INFO] Skipping recent log: Microsoft-Windows-GroupPolicy/Operational (LastWriteTime=8/5/2026 4:35:45 PM)
2026-08-05 16:39:21.407 [WARN] Skipping disabled log: Microsoft-Windows-glcnd/Admin
2026-08-05 16:39:21.411 [INFO] Skipping empty log: Microsoft-Windows-GenericRoaming/Admin
2026-08-05 16:39:21.411 [INFO] Skipping empty log: Microsoft-Windows-Forwarding/Operational
2026-08-05 16:39:21.411 [INFO] Skipping empty log: Microsoft-Windows-Folder Redirection/Operational
2026-08-05 16:39:21.411 [INFO] Skipping empty log: Microsoft-Windows-FMS/Operational
2026-08-05 16:39:21.411 [INFO] Skipping recent log: Microsoft-Windows-FileShareShadowCopyProvider/Operational (LastWriteTime=8/3/2026 4:24:25 AM)
2026-08-05 16:39:21.427 [INFO] Skipping empty log: Microsoft-Windows-FileServices-ServerManager-EventProvider/Operational
2026-08-05 16:39:21.427 [INFO] Skipping empty log: Microsoft-Windows-FileServices-ServerManager-EventProvider/Admin
2026-08-05 16:39:21.427 [INFO] Skipping empty log: Microsoft-Windows-FederationServices-Deployment/Operational
2026-08-05 16:39:21.427 [INFO] Skipping empty log: Microsoft-Windows-FeatureConfiguration/Operational
2026-08-05 16:39:21.427 [INFO] Skipping empty log: Microsoft-Windows-Fault-Tolerant-Heap/Operational
2026-08-05 16:39:21.427 [INFO] Skipping empty log: Microsoft-Windows-EventCollector/Operational
2026-08-05 16:39:21.439 [WARN] Skipping disabled log: Microsoft-Windows-ESE/Operational
2026-08-05 16:39:21.443 [INFO] Skipping empty log: Microsoft-Windows-EnrollmentWebService/Admin
2026-08-05 16:39:21.443 [INFO] Skipping empty log: Microsoft-Windows-EnrollmentPolicyWebService/Admin
2026-08-05 16:39:21.443 [INFO] Skipping empty log: Microsoft-Windows-EnhancedStorage-EhStorClass/Operational
2026-08-05 16:39:21.443 [INFO] Skipping empty log: Microsoft-Windows-EDP-Audit-TCB/Admin
2026-08-05 16:39:21.443 [INFO] Skipping empty log: Microsoft-Windows-EDP-Audit-Regular/Admin
2026-08-05 16:39:21.443 [INFO] Skipping empty log: Microsoft-Windows-EDP-Application-Learning/Admin
2026-08-05 16:39:21.443 [INFO] Skipping empty log: Microsoft-Windows-EapMethods-Ttls/Operational
2026-08-05 16:39:21.443 [INFO] Skipping empty log: Microsoft-Windows-EapMethods-Sim/Operational
2026-08-05 16:39:21.462 [INFO] Skipping empty log: Microsoft-Windows-EapMethods-RasTls/Operational
2026-08-05 16:39:21.464 [INFO] Skipping empty log: Microsoft-Windows-EapMethods-RasChap/Operational
2026-08-05 16:39:21.466 [INFO] Skipping empty log: Microsoft-Windows-EapHost/Operational
2026-08-05 16:39:21.469 [INFO] Skipping empty log: Microsoft-Windows-DxgKrnl-Operational
2026-08-05 16:39:21.481 [INFO] Skipping empty log: Microsoft-Windows-DxgKrnl-Admin
2026-08-05 16:39:21.485 [INFO] Skipping empty log: Microsoft-Windows-DSC/Operational
2026-08-05 16:39:21.489 [INFO] Skipping empty log: Microsoft-Windows-DSC/Admin
2026-08-05 16:39:21.495 [WARN] Skipping disabled log: Microsoft-Windows-DriverFrameworks-UserMode/Operational
2026-08-05 16:39:21.499 [WARN] Skipping disabled log: Microsoft-Windows-DNS-Client/Operational
2026-08-05 16:39:21.506 [WARN] Skipping disabled log: Microsoft-Windows-DisplayColorCalibration/Operational
2026-08-05 16:39:21.510 [INFO] Skipping empty log: Microsoft-Windows-DiskDiagnosticResolver/Operational
2026-08-05 16:39:21.513 [INFO] Skipping empty log: Microsoft-Windows-DiskDiagnosticDataCollector/Operational
2026-08-05 16:39:21.517 [INFO] Skipping empty log: Microsoft-Windows-DiskDiagnostic/Operational
2026-08-05 16:39:21.520 [INFO] Skipping empty log: Microsoft-Windows-DirectoryServices-Deployment/Operational
2026-08-05 16:39:21.522 [INFO] Skipping empty log: Microsoft-Windows-Diagnostics-Networking/Operational
2026-08-05 16:39:21.524 [INFO] Skipping empty log: Microsoft-Windows-Diagnosis-ScriptedDiagnosticsProvider/Operational
2026-08-05 16:39:21.527 [INFO] Skipping empty log: Microsoft-Windows-Diagnosis-Scripted/Operational
2026-08-05 16:39:21.529 [INFO] Skipping empty log: Microsoft-Windows-Diagnosis-Scripted/Admin
2026-08-05 16:39:21.531 [INFO] Skipping empty log: Microsoft-Windows-Diagnosis-Scheduled/Operational
2026-08-05 16:39:21.537 [INFO] Skipping recent log: Microsoft-Windows-Diagnosis-PLA/Operational (LastWriteTime=8/5/2026 4:21:34 PM)
2026-08-05 16:39:21.540 [INFO] Skipping recent log: Microsoft-Windows-Diagnosis-PCW/Operational (LastWriteTime=8/5/2026 4:21:34 PM)
2026-08-05 16:39:21.542 [INFO] Skipping recent log: Microsoft-Windows-Diagnosis-DPS/Operational (LastWriteTime=8/5/2026 4:37:04 PM)
2026-08-05 16:39:21.546 [WARN] Skipping disabled log: Microsoft-Windows-Dhcpv6-Client/Operational
2026-08-05 16:39:21.550 [INFO] Skipping empty log: Microsoft-Windows-Dhcpv6-Client/Admin
2026-08-05 16:39:21.553 [WARN] Skipping disabled log: Microsoft-Windows-Dhcp-Client/Operational
2026-08-05 16:39:21.556 [INFO] Skipping empty log: Microsoft-Windows-DeviceUpdateAgent/Operational
2026-08-05 16:39:21.558 [INFO] Skipping empty log: Microsoft-Windows-DeviceSync/Operational
2026-08-05 16:39:21.560 [INFO] Skipping recent log: Microsoft-Windows-DeviceSetupManager/Operational (LastWriteTime=8/5/2026 4:30:45 PM)
2026-08-05 16:39:21.563 [INFO] Skipping recent log: Microsoft-Windows-DeviceSetupManager/Admin (LastWriteTime=8/5/2026 4:35:45 PM)
2026-08-05 16:39:21.568 [INFO] Skipping empty log: Microsoft-Windows-Devices-Background/Operational
2026-08-05 16:39:21.570 [INFO] Skipping empty log: Microsoft-Windows-DeviceManagement-Enterprise-Diagnostics-Provider/Operational
2026-08-05 16:39:21.573 [INFO] Skipping empty log: Microsoft-Windows-DeviceManagement-Enterprise-Diagnostics-Provider/Autopilot
2026-08-05 16:39:21.577 [INFO] Skipping empty log: Microsoft-Windows-DeviceGuard/Operational
2026-08-05 16:39:21.580 [INFO] Skipping empty log: Microsoft-Windows-DateTimeControlPanel/Operational
2026-08-05 16:39:21.583 [INFO] Skipping empty log: Microsoft-Windows-DataIntegrityScan/CrashRecovery
2026-08-05 16:39:21.586 [INFO] Skipping recent log: Microsoft-Windows-DataIntegrityScan/Admin (LastWriteTime=8/5/2026 7:44:25 AM)
2026-08-05 16:39:21.588 [INFO] Skipping empty log: Microsoft-Windows-DAL-Provider/Operational
2026-08-05 16:39:21.590 [INFO] Skipping recent log: Microsoft-Windows-Crypto-NCrypt/Operational (LastWriteTime=8/5/2026 4:30:45 PM)
2026-08-05 16:39:21.594 [INFO] Skipping empty log: Microsoft-Windows-Crypto-NCrypt/KeyMgmt
2026-08-05 16:39:21.597 [INFO] Skipping empty log: Microsoft-Windows-Crypto-NCrypt/CertInUse
2026-08-05 16:39:21.601 [INFO] Skipping recent log: Microsoft-Windows-Crypto-DPAPI/Operational (LastWriteTime=8/5/2026 4:30:45 PM)
2026-08-05 16:39:21.605 [WARN] Skipping disabled log: Microsoft-Windows-Crypto-DPAPI/Debug
2026-08-05 16:39:21.608 [INFO] Skipping empty log: Microsoft-Windows-Crypto-DPAPI/BackUpKeySvc
2026-08-05 16:39:21.610 [INFO] Skipping empty log: Microsoft-Windows-CorruptedFileRecovery-Server/Operational
2026-08-05 16:39:21.612 [INFO] Skipping empty log: Microsoft-Windows-CorruptedFileRecovery-Client/Operational
2026-08-05 16:39:21.615 [INFO] Skipping empty log: Microsoft-Windows-CoreApplication/Operational
2026-08-05 16:39:21.617 [INFO] Skipping recent log: Microsoft-Windows-Containers-Wcifs/Operational (LastWriteTime=8/5/2026 4:21:34 PM)
2026-08-05 16:39:21.619 [INFO] Skipping recent log: Microsoft-Windows-Containers-BindFlt/Operational (LastWriteTime=8/5/2026 4:21:34 PM)
2026-08-05 16:39:21.622 [INFO] Skipping empty log: Microsoft-Windows-Compat-Appraiser/Operational
2026-08-05 16:39:21.624 [INFO] Skipping recent log: Microsoft-Windows-CodeIntegrity/Operational (LastWriteTime=8/5/2026 4:21:34 PM)
2026-08-05 16:39:21.627 [INFO] Skipping recent log: Microsoft-Windows-CloudStore/Operational (LastWriteTime=8/5/2026 4:30:45 PM)
2026-08-05 16:39:21.627 [WARN] Skipping disabled log: Microsoft-Windows-CloudStore/Debug
2026-08-05 16:39:21.632 [INFO] Skipping empty log: Microsoft-Windows-Cleanmgr/Diagnostic
2026-08-05 16:39:21.632 [WARN] Skipping disabled log: Microsoft-Windows-CertPoleEng/Operational
2026-08-05 16:39:21.632 [INFO] Skipping empty log: Microsoft-Windows-CertificateServicesClient-Lifecycle-User/Operational
2026-08-05 16:39:21.632 [INFO] Skipping empty log: Microsoft-Windows-CertificateServicesClient-Lifecycle-System/Operational
2026-08-05 16:39:21.632 [WARN] Skipping disabled log: Microsoft-Windows-CertificateServicesClient-CredentialRoaming/Operational
2026-08-05 16:39:21.647 [INFO] Skipping empty log: Microsoft-Windows-CertificateServices-Deployment/Operational
2026-08-05 16:39:21.647 [WARN] Skipping disabled log: Microsoft-Windows-CAPI2/Operational
2026-08-05 16:39:21.647 [INFO] Skipping empty log: Microsoft-Windows-BranchCacheSMB/Operational
2026-08-05 16:39:21.647 [WARN] Skipping disabled log: Microsoft-Windows-Bluetooth-Policy/Operational
2026-08-05 16:39:21.647 [INFO] Skipping empty log: Microsoft-Windows-Bluetooth-MTPEnum/Operational
2026-08-05 16:39:21.657 [WARN] Skipping disabled log: Microsoft-Windows-Bluetooth-Bthmini/Operational
2026-08-05 16:39:21.657 [INFO] Skipping empty log: Microsoft-Windows-Bluetooth-BthLEPrepairing/Operational
2026-08-05 16:39:21.664 [INFO] Skipping recent log: Microsoft-Windows-Bits-Client/Operational (LastWriteTime=8/5/2026 4:21:34 PM)
2026-08-05 16:39:21.664 [WARN] Skipping disabled log: Microsoft-Windows-Bits-Client/Analytic
2026-08-05 16:39:21.664 [WARN] Skipping disabled log: Microsoft-Windows-BitLocker/BitLocker Operational
2026-08-05 16:39:21.664 [INFO] Skipping empty log: Microsoft-Windows-BitLocker/BitLocker Management
2026-08-05 16:39:21.664 [INFO] Skipping empty log: Microsoft-Windows-BitLocker-DrivePreparationTool/Operational
2026-08-05 16:39:21.664 [INFO] Skipping empty log: Microsoft-Windows-BitLocker-DrivePreparationTool/Admin
2026-08-05 16:39:21.664 [INFO] Skipping recent log: Microsoft-Windows-Biometrics/Operational (LastWriteTime=8/5/2026 7:44:25 AM)
2026-08-05 16:39:21.679 [INFO] Skipping empty log: Microsoft-Windows-BestPractices/Operational
2026-08-05 16:39:21.679 [WARN] Skipping disabled log: Microsoft-Windows-Base-Filtering-Engine-Resource-Flows/Operational
2026-08-05 16:39:21.689 [WARN] Skipping disabled log: Microsoft-Windows-Base-Filtering-Engine-Connections/Operational
2026-08-05 16:39:21.689 [INFO] Skipping empty log: Microsoft-Windows-Backup
2026-08-05 16:39:21.689 [WARN] Skipping disabled log: Microsoft-Windows-BackgroundTransfer-ContentPrefetcher/Operational
2026-08-05 16:39:21.695 [INFO] Skipping empty log: Microsoft-Windows-BackgroundTaskInfrastructure/Operational
2026-08-05 16:39:21.695 [WARN] Skipping disabled log: Microsoft-Windows-Authentication/ProtectedUserSuccesses-DomainController
2026-08-05 16:39:21.695 [WARN] Skipping disabled log: Microsoft-Windows-Authentication/ProtectedUserFailures-DomainController
2026-08-05 16:39:21.695 [WARN] Skipping disabled log: Microsoft-Windows-Authentication/ProtectedUser-Client
2026-08-05 16:39:21.695 [WARN] Skipping disabled log: Microsoft-Windows-Authentication/AuthenticationPolicyFailures-DomainController
2026-08-05 16:39:21.695 [INFO] Skipping empty log: Microsoft-Windows-Authentication User Interface/Operational
2026-08-05 16:39:21.711 [INFO] Skipping empty log: Microsoft-Windows-Audio/PlaybackManager
2026-08-05 16:39:21.711 [INFO] Skipping empty log: Microsoft-Windows-Audio/Operational
2026-08-05 16:39:21.711 [WARN] Skipping disabled log: Microsoft-Windows-Audio/Informational
2026-08-05 16:39:21.711 [WARN] Skipping disabled log: Microsoft-Windows-Audio/GlitchDetection
2026-08-05 16:39:21.720 [INFO] Skipping empty log: Microsoft-Windows-Audio/CaptureMonitor
2026-08-05 16:39:21.720 [WARN] Skipping disabled log: Microsoft-Windows-ASN1/Operational
2026-08-05 16:39:21.727 [INFO] Skipping recent log: Microsoft-Windows-AppxPackaging/Operational (LastWriteTime=8/5/2026 7:44:25 AM)
2026-08-05 16:39:21.727 [INFO] Skipping empty log: Microsoft-Windows-AppXDeploymentServer/Restricted
2026-08-05 16:39:21.727 [INFO] Skipping recent log: Microsoft-Windows-AppXDeploymentServer/Operational (LastWriteTime=8/5/2026 4:30:45 PM)
2026-08-05 16:39:21.727 [INFO] Skipping recent log: Microsoft-Windows-AppXDeployment/Operational (LastWriteTime=8/5/2026 4:30:45 PM)
2026-08-05 16:39:21.727 [INFO] Skipping recent log: Microsoft-Windows-AppReadiness/Operational (LastWriteTime=8/3/2026 4:24:25 AM)
2026-08-05 16:39:21.727 [INFO] Skipping recent log: Microsoft-Windows-AppReadiness/Admin (LastWriteTime=8/3/2026 4:24:25 AM)
2026-08-05 16:39:21.743 [INFO] Skipping recent log: Microsoft-Windows-AppModel-Runtime/Admin (LastWriteTime=8/5/2026 4:30:45 PM)
2026-08-05 16:39:21.743 [INFO] Skipping empty log: Microsoft-Windows-AppLocker/Packaged app-Execution
2026-08-05 16:39:21.743 [INFO] Skipping empty log: Microsoft-Windows-AppLocker/Packaged app-Deployment
2026-08-05 16:39:21.743 [INFO] Skipping empty log: Microsoft-Windows-AppLocker/MSI and Script
2026-08-05 16:39:21.751 [INFO] Skipping empty log: Microsoft-Windows-AppLocker/EXE and DLL
2026-08-05 16:39:21.751 [INFO] Skipping empty log: Microsoft-Windows-Application-Experience/Steps-Recorder
2026-08-05 16:39:21.759 [INFO] Skipping recent log: Microsoft-Windows-Application-Experience/Program-Telemetry (LastWriteTime=8/5/2026 7:44:25 AM)
2026-08-05 16:39:21.759 [INFO] Skipping empty log: Microsoft-Windows-Application-Experience/Program-Inventory
2026-08-05 16:39:21.759 [INFO] Skipping empty log: Microsoft-Windows-Application-Experience/Program-Compatibility-Troubleshooter
2026-08-05 16:39:21.759 [INFO] Skipping empty log: Microsoft-Windows-Application-Experience/Program-Compatibility-Assistant
2026-08-05 16:39:21.759 [INFO] Skipping empty log: Microsoft-Windows-Application Server-Applications/Operational
2026-08-05 16:39:21.759 [INFO] Skipping empty log: Microsoft-Windows-Application Server-Applications/Admin
2026-08-05 16:39:21.759 [INFO] Skipping empty log: Microsoft-Windows-ApplicabilityEngine/Operational
2026-08-05 16:39:21.774 [INFO] Skipping empty log: Microsoft-Windows-AppID/Operational
2026-08-05 16:39:21.774 [INFO] Skipping empty log: Microsoft-Windows-AppHost/Admin
2026-08-05 16:39:21.774 [INFO] Skipping empty log: Microsoft-Windows-AllJoyn/Operational
2026-08-05 16:39:21.774 [INFO] Skipping empty log: Microsoft-Windows-All-User-Install-Agent/Admin
2026-08-05 16:39:21.783 [INFO] Skipping recent log: Microsoft-Windows-AAD/Operational (LastWriteTime=8/5/2026 4:21:34 PM)
2026-08-05 16:39:21.783 [INFO] Skipping empty log: Microsoft-User Experience Virtualization-SQM Uploader/Operational
2026-08-05 16:39:21.783 [INFO] Skipping empty log: Microsoft-User Experience Virtualization-IPC/Operational
2026-08-05 16:39:21.783 [INFO] Skipping empty log: Microsoft-User Experience Virtualization-App Agent/Operational
2026-08-05 16:39:21.790 [INFO] Skipping empty log: Microsoft-User Experience Virtualization-Agent Driver/Operational
2026-08-05 16:39:21.790 [INFO] Skipping empty log: Microsoft-System-Diagnostics-DiagnosticInvoker/Operational
2026-08-05 16:39:21.790 [INFO] Skipping empty log: Microsoft-ServerCore-ShellLauncher/Admin
2026-08-05 16:39:21.790 [INFO] Skipping empty log: Microsoft-Rdms-UI/Operational
2026-08-05 16:39:21.790 [INFO] Skipping empty log: Microsoft-Rdms-UI/Admin
2026-08-05 16:39:21.790 [WARN] Skipping disabled log: Microsoft-Management-UI/Admin
2026-08-05 16:39:21.806 [INFO] Skipping recent log: Microsoft-Client-Licensing-Platform/Admin (LastWriteTime=8/5/2026 4:30:45 PM)
2026-08-05 16:39:21.806 [INFO] Skipping empty log: Microsoft-AppV-Client/Virtual Applications
2026-08-05 16:39:21.806 [INFO] Skipping empty log: Microsoft-AppV-Client/Operational
2026-08-05 16:39:21.814 [INFO] Skipping empty log: Microsoft-AppV-Client/Admin
2026-08-05 16:39:21.814 [WARN] Skipping disabled log: ForwardedEvents
2026-08-05 16:39:21.822 [INFO] Dry run: 4 log(s) would be cleared, deleting 15 total record(s).
2026-08-05 16:39:21.822 [INFO] Dry run candidate: Log='Microsoft-Windows-SMBServer/Security', RecordCount=1, LastWriteTime=7/11/2026 6:22:31 PM
2026-08-05 16:39:21.822 [INFO] Dry run candidate: Log='Microsoft-Windows-MUI/Operational', RecordCount=12, LastWriteTime=7/11/2026 6:22:31 PM
2026-08-05 16:39:21.822 [INFO] Dry run candidate: Log='Microsoft-Windows-Dhcp-Client/Admin', RecordCount=1, LastWriteTime=7/11/2026 6:07:27 PM
2026-08-05 16:39:21.822 [INFO] Dry run candidate: Log='Microsoft-Windows-DeviceManagement-Enterprise-Diagnostics-Provider/Admin', RecordCount=1, LastWriteTime=7/11/2026 6:22:31 PM
2026-08-05 16:39:21.838 [INFO] Run summary (dry run mode):
2026-08-05 16:39:21.845 [INFO]   LogsEvaluated: 419
2026-08-05 16:39:21.845 [INFO]   CandidateLogs: 4
2026-08-05 16:39:21.845 [INFO]   CandidateRecords: 15
2026-08-05 16:39:21.845 [INFO]   ArchivedLogs: 0
2026-08-05 16:39:21.854 [INFO]   ClearedLogs: 0
2026-08-05 16:39:21.854 [INFO]   DryRunLogs: 4
2026-08-05 16:39:21.854 [INFO]   DryRunRecords: 15
2026-08-05 16:39:21.854 [INFO]   AlreadyArchivedToday: 0
2026-08-05 16:39:21.854 [INFO]   SkippedLogs: 415
2026-08-05 16:39:21.854 [INFO]   RollbackRestored: 0
2026-08-05 16:39:21.869 [INFO]   Errors: 0
